2025-11-01 16:22:45,879 - root - INFO - Using device: cpu
2025-11-01 16:22:45,902 - root - INFO - Loaded 3800 training images
2025-11-01 16:22:45,902 - root - INFO - Loaded 950 validation images
2025-11-01 16:22:46,249 - root - INFO - Initialized resnet50 model with 12 classes
2025-11-01 16:24:14,991 - root - INFO - Using device: cpu
2025-11-01 16:24:15,011 - root - INFO - Loaded 3800 training images
2025-11-01 16:24:15,012 - root - INFO - Loaded 950 validation images
2025-11-01 16:24:15,346 - root - INFO - Initialized resnet50 model with 12 classes
2025-11-01 16:24:28,459 - root - INFO - Using device: cpu
2025-11-01 16:24:28,479 - root - INFO - Loaded 3800 training images
2025-11-01 16:24:28,479 - root - INFO - Loaded 950 validation images
2025-11-01 16:24:28,813 - root - INFO - Initialized resnet50 model with 12 classes
2025-11-01 16:25:00,149 - root - INFO - Using device: cpu
2025-11-01 16:25:00,169 - root - INFO - Loaded 3800 training images
2025-11-01 16:25:00,169 - root - INFO - Loaded 950 validation images
2025-11-01 16:25:00,509 - root - INFO - Initialized resnet50 model with 12 classes
2025-11-01 16:35:55,326 - root - INFO - Using device: cpu
2025-11-01 16:35:55,347 - root - INFO - Loaded 3800 training images
2025-11-01 16:35:55,348 - root - INFO - Loaded 950 validation images
2025-11-01 16:35:55,702 - root - INFO - Initialized resnet50 model with 12 classes
2025-11-01 16:45:14,518 - root - INFO - Using device: cpu
2025-11-01 16:45:14,537 - root - INFO - Loaded 3800 training images
2025-11-01 16:45:14,538 - root - INFO - Loaded 950 validation images
2025-11-01 16:45:14,870 - root - INFO - Initialized resnet50 model with 12 classes
2025-11-01 16:45:14,871 - root - INFO - Starting training...
2025-11-01 16:45:14,872 - root - INFO - 
==================================================
2025-11-01 16:45:14,872 - root - INFO - Epoch 1/10
2025-11-01 16:45:14,872 - root - INFO - ==================================================
2025-11-01 16:56:14,247 - root - INFO - Train Epoch 1 - Accuracy: 0.7947, Macro-F1: 0.7731, Loss: 0.6480
2025-11-01 16:57:29,569 - root - INFO - Validation - Accuracy: 0.9074, Macro-F1: 0.8796, Loss: 0.2452
2025-11-01 16:57:29,666 - root - INFO - Saved best model with Macro-F1: 0.8796
2025-11-01 16:57:29,666 - root - INFO - 
==================================================
2025-11-01 16:57:29,666 - root - INFO - Epoch 2/10
2025-11-01 16:57:29,666 - root - INFO - ==================================================
2025-11-01 17:09:08,874 - root - INFO - Train Epoch 2 - Accuracy: 0.9358, Macro-F1: 0.9271, Loss: 0.2104
2025-11-01 17:10:31,728 - root - INFO - Validation - Accuracy: 0.9137, Macro-F1: 0.8816, Loss: 0.2398
2025-11-01 17:10:31,876 - root - INFO - Saved best model with Macro-F1: 0.8816
2025-11-01 17:10:31,876 - root - INFO - 
==================================================
2025-11-01 17:10:31,877 - root - INFO - Epoch 3/10
2025-11-01 17:10:31,877 - root - INFO - ==================================================
2025-11-01 17:22:12,509 - root - INFO - Train Epoch 3 - Accuracy: 0.9534, Macro-F1: 0.9476, Loss: 0.1343
2025-11-01 17:23:30,256 - root - INFO - Validation - Accuracy: 0.9484, Macro-F1: 0.9390, Loss: 0.2127
2025-11-01 17:23:30,392 - root - INFO - Saved best model with Macro-F1: 0.9390
2025-11-01 17:23:30,394 - root - INFO - 
==================================================
2025-11-01 17:23:30,394 - root - INFO - Epoch 4/10
2025-11-01 17:23:30,394 - root - INFO - ==================================================
2025-11-01 17:50:21,741 - root - INFO - Using device: cpu
2025-11-01 17:50:21,777 - root - INFO - Loaded 3800 training images
2025-11-01 17:50:21,778 - root - INFO - Loaded 950 validation images
2025-11-01 17:50:22,225 - root - INFO - Initialized resnet50 model with 12 classes
2025-11-01 17:53:19,129 - root - INFO - Starting plant classification training
2025-11-01 17:53:19,130 - root - INFO - Using device: cpu
2025-11-01 17:53:19,151 - root - INFO - Loaded 3800 training images
2025-11-01 17:53:19,151 - root - INFO - Loaded 950 validation images
2025-11-01 17:53:19,151 - root - INFO - Classes: ['Black-grass', 'Charlock', 'Cleavers', 'Common Chickweed', 'Common wheat', 'Fat Hen', 'Loose Silky-bent', 'Maize', 'Scentless Mayweed', 'Shepherds Purse', 'Small-flowered Cranesbill', 'Sugar beet']
2025-11-01 17:53:19,498 - root - INFO - Initialized resnet50 model with 12 classes
2025-11-01 17:53:19,498 - root - INFO - Config validation and conversion completed successfully
2025-11-01 17:53:19,501 - root - INFO - Starting training...
2025-11-01 17:53:19,501 - root - INFO - Training for 3 epochs
2025-11-01 17:53:19,501 - root - INFO - Early stopping patience: 5
2025-11-01 17:53:19,501 - root - INFO - 
==================================================
2025-11-01 17:53:19,501 - root - INFO - Epoch 1/3
2025-11-01 17:53:19,502 - root - INFO - ==================================================
2025-11-01 20:36:57,173 - root - INFO - Starting plant classification training
2025-11-01 20:36:57,174 - root - INFO - Using device: cpu
2025-11-01 20:36:57,322 - root - INFO - DATASET STATISTICS:
2025-11-01 20:36:57,322 - root - INFO -   Total images: 4750
2025-11-01 20:36:57,322 - root - INFO -   Number of classes: 12
2025-11-01 20:36:57,323 - root - INFO -   Class distribution:
2025-11-01 20:36:57,323 - root - INFO -     Loose Silky-bent: 654 images (13.8%)
2025-11-01 20:36:57,323 - root - INFO -     Common Chickweed: 611 images (12.9%)
2025-11-01 20:36:57,323 - root - INFO -     Scentless Mayweed: 516 images (10.9%)
2025-11-01 20:36:57,323 - root - INFO -     Small-flowered Cranesbill: 496 images (10.4%)
2025-11-01 20:36:57,323 - root - INFO -     Fat Hen: 475 images (10.0%)
2025-11-01 20:36:57,323 - root - INFO -     Charlock: 390 images (8.2%)
2025-11-01 20:36:57,324 - root - INFO -     Sugar beet: 385 images (8.1%)
2025-11-01 20:36:57,324 - root - INFO -     Cleavers: 287 images (6.0%)
2025-11-01 20:36:57,324 - root - INFO -     Black-grass: 263 images (5.5%)
2025-11-01 20:36:57,324 - root - INFO -     Shepherds Purse: 231 images (4.9%)
2025-11-01 20:36:57,324 - root - INFO -     Common wheat: 221 images (4.7%)
2025-11-01 20:36:57,324 - root - INFO -     Maize: 221 images (4.7%)
2025-11-01 20:36:57,325 - root - INFO -   Class imbalance ratio: 2.96
2025-11-01 20:36:57,333 - root - INFO - Loaded 3800 training images
2025-11-01 20:36:57,333 - root - INFO - Loaded 950 validation images
2025-11-01 20:36:57,333 - root - INFO - Classes: ['Black-grass', 'Charlock', 'Cleavers', 'Common Chickweed', 'Common wheat', 'Fat Hen', 'Loose Silky-bent', 'Maize', 'Scentless Mayweed', 'Shepherds Purse', 'Small-flowered Cranesbill', 'Sugar beet']
2025-11-01 20:36:57,817 - root - INFO - Initialized resnet50 model with 12 classes
2025-11-01 20:36:57,817 - root - INFO - Config validation and conversion completed successfully
2025-11-01 20:36:57,820 - root - INFO - Starting training...
2025-11-01 20:36:57,820 - root - INFO - Training for 3 epochs
2025-11-01 20:36:57,820 - root - INFO - Early stopping patience: 5
2025-11-01 20:36:57,820 - root - INFO - 
==================================================
2025-11-01 20:36:57,821 - root - INFO - Epoch 1/3
2025-11-01 20:36:57,821 - root - INFO - ==================================================
2025-11-02 16:44:38,527 - root - INFO - Starting plant classification training
2025-11-02 16:44:38,529 - root - INFO - Using device: cpu
2025-11-02 16:44:38,552 - root - INFO - DATASET STATISTICS:
2025-11-02 16:44:38,553 - root - INFO -   Total images: 4750
2025-11-02 16:44:38,553 - root - INFO -   Number of classes: 12
2025-11-02 16:44:38,553 - root - INFO -   Class distribution:
2025-11-02 16:44:38,554 - root - INFO -     Loose Silky-bent: 654 images (13.8%)
2025-11-02 16:44:38,554 - root - INFO -     Common Chickweed: 611 images (12.9%)
2025-11-02 16:44:38,554 - root - INFO -     Scentless Mayweed: 516 images (10.9%)
2025-11-02 16:44:38,554 - root - INFO -     Small-flowered Cranesbill: 496 images (10.4%)
2025-11-02 16:44:38,555 - root - INFO -     Fat Hen: 475 images (10.0%)
2025-11-02 16:44:38,555 - root - INFO -     Charlock: 390 images (8.2%)
2025-11-02 16:44:38,556 - root - INFO -     Sugar beet: 385 images (8.1%)
2025-11-02 16:44:38,556 - root - INFO -     Cleavers: 287 images (6.0%)
2025-11-02 16:44:38,556 - root - INFO -     Black-grass: 263 images (5.5%)
2025-11-02 16:44:38,556 - root - INFO -     Shepherds Purse: 231 images (4.9%)
2025-11-02 16:44:38,557 - root - INFO -     Common wheat: 221 images (4.7%)
2025-11-02 16:44:38,557 - root - INFO -     Maize: 221 images (4.7%)
2025-11-02 16:44:38,557 - root - INFO -   Class imbalance ratio: 2.96
2025-11-02 16:44:38,566 - root - INFO - Loaded 3800 training images
2025-11-02 16:44:38,566 - root - INFO - Loaded 950 validation images
2025-11-02 16:44:38,567 - root - INFO - Classes: ['Black-grass', 'Charlock', 'Cleavers', 'Common Chickweed', 'Common wheat', 'Fat Hen', 'Loose Silky-bent', 'Maize', 'Scentless Mayweed', 'Shepherds Purse', 'Small-flowered Cranesbill', 'Sugar beet']
2025-11-02 16:44:39,048 - root - INFO - Initialized resnet50 model with 12 classes
2025-11-02 16:44:39,048 - root - INFO - Config validation and conversion completed successfully
2025-11-02 16:44:39,049 - root - INFO - Starting training...
2025-11-02 16:44:39,049 - root - INFO - Training for 3 epochs
2025-11-02 16:44:39,050 - root - INFO - Early stopping patience: 5
2025-11-02 16:44:39,050 - root - INFO - 
==================================================
2025-11-02 16:44:39,050 - root - INFO - Epoch 1/3
2025-11-02 16:44:39,050 - root - INFO - ==================================================
2026-01-03 19:01:58,714 - train - INFO - Start training with config: C:\Users\Alex\Documents\mlops\configs\train_config.yaml
2026-01-03 19:01:58,720 - root - INFO - Starting plant classification training
2026-01-03 19:01:58,720 - train - INFO - Learning rate from config: 0.0001
2026-01-03 19:01:58,720 - root - INFO - Using device: cpu
2026-01-03 19:01:58,773 - train - INFO - DATASET STATISTICS:
2026-01-03 19:01:58,773 - train - INFO -   Total images: 4750
2026-01-03 19:01:58,773 - train - INFO -   Number of classes: 12
2026-01-03 19:01:58,789 - train - INFO -   Class distribution:
2026-01-03 19:01:58,789 - train - INFO -     Loose Silky-bent: 654 images (13.8%)
2026-01-03 19:01:58,789 - train - INFO -     Common Chickweed: 611 images (12.9%)
2026-01-03 19:01:58,789 - train - INFO -     Scentless Mayweed: 516 images (10.9%)
2026-01-03 19:01:58,789 - train - INFO -     Small-flowered Cranesbill: 496 images (10.4%)
2026-01-03 19:01:58,789 - train - INFO -     Fat Hen: 475 images (10.0%)
2026-01-03 19:01:58,789 - train - INFO -     Charlock: 390 images (8.2%)
2026-01-03 19:01:58,789 - train - INFO -     Sugar beet: 385 images (8.1%)
2026-01-03 19:01:58,789 - train - INFO -     Cleavers: 287 images (6.0%)
2026-01-03 19:01:58,789 - train - INFO -     Black-grass: 263 images (5.5%)
2026-01-03 19:01:58,793 - train - INFO -     Shepherds Purse: 231 images (4.9%)
2026-01-03 19:01:58,793 - train - INFO -     Common wheat: 221 images (4.7%)
2026-01-03 19:01:58,793 - train - INFO -     Maize: 221 images (4.7%)
2026-01-03 19:01:58,793 - train - INFO -   Class imbalance ratio: 2.96
2026-01-03 19:01:58,793 - root - INFO - Loaded 3800 training images
2026-01-03 19:01:58,793 - root - INFO - Loaded 950 validation images
2026-01-03 19:01:58,793 - root - INFO - Classes: ['Black-grass', 'Charlock', 'Cleavers', 'Common Chickweed', 'Common wheat', 'Fat Hen', 'Loose Silky-bent', 'Maize', 'Scentless Mayweed', 'Shepherds Purse', 'Small-flowered Cranesbill', 'Sugar beet']
2026-01-03 19:01:59,306 - root - INFO - Initialized resnet50 model with 12 classes
2026-01-03 19:01:59,306 - root - INFO - Starting training...
2026-01-03 19:01:59,306 - root - INFO - Training for 3 epochs
2026-01-03 19:01:59,306 - root - INFO - Early stopping patience: 5
2026-01-03 19:01:59,306 - root - INFO - 
==================================================
2026-01-03 19:01:59,306 - root - INFO - Epoch 1/3
2026-01-03 19:01:59,306 - root - INFO - ==================================================
2026-01-03 19:14:23,886 - root - INFO - Train Epoch 1 - Accuracy: 0.8032, Macro-F1: 0.7794, Loss: 0.6408
2026-01-03 19:15:42,505 - root - INFO - Validation - Accuracy: 0.9379, Macro-F1: 0.9318, Loss: 0.2013
2026-01-03 19:15:42,604 - root - INFO - Saved best model with Macro-F1: 0.9318
2026-01-03 19:15:42,604 - root - INFO - 
==================================================
2026-01-03 19:15:42,604 - root - INFO - Epoch 2/3
2026-01-03 19:15:42,604 - root - INFO - ==================================================
2026-01-03 19:28:07,537 - root - INFO - Train Epoch 2 - Accuracy: 0.9324, Macro-F1: 0.9218, Loss: 0.2194
2026-01-03 19:29:24,252 - root - INFO - Validation - Accuracy: 0.9126, Macro-F1: 0.8993, Loss: 0.2300
2026-01-03 19:29:24,252 - root - INFO -  No improvement. Patience counter: 1/5
2026-01-03 19:29:24,252 - root - INFO - 
==================================================
2026-01-03 19:29:24,252 - root - INFO - Epoch 3/3
2026-01-03 19:29:24,252 - root - INFO - ==================================================
2026-01-03 19:41:43,040 - root - INFO - Train Epoch 3 - Accuracy: 0.9587, Macro-F1: 0.9533, Loss: 0.1316
2026-01-03 19:43:00,331 - root - INFO - Validation - Accuracy: 0.9516, Macro-F1: 0.9485, Loss: 0.1672
2026-01-03 19:43:00,429 - root - INFO - Saved best model with Macro-F1: 0.9485
2026-01-03 19:43:00,529 - root - INFO - Saved final model
2026-01-03 19:43:00,603 - root - INFO - Metrics saved to models\training_metrics.csv
2026-01-03 19:43:00,603 - root - INFO - Training completed!
2026-01-03 19:43:00,603 - root - INFO - Training completed successfully!
2026-01-03 19:43:00,603 - root - INFO -  Training summary: {'best_val_f1': 0.9485087268837797, 'final_train_accuracy': 0.9586842105263158, 'final_val_accuracy': 0.9515789473684211, 'final_train_loss': 0.13158352270589344, 'final_val_loss': 0.16715596054729662, 'total_epochs_trained': 3}
2026-01-03 20:26:17,075 - train - INFO - Start training with config: C:\Users\Alex\Documents\mlops\configs\train_config.yaml
2026-01-03 20:26:19,358 - root - INFO - Starting plant classification training
2026-01-03 20:26:19,358 - train - INFO - Learning rate from config: 0.0001
2026-01-03 20:26:19,358 - root - INFO - Using device: cpu
2026-01-03 20:26:19,402 - train - INFO - DATASET STATISTICS:
2026-01-03 20:26:19,403 - train - INFO -   Total images: 4750
2026-01-03 20:26:19,403 - train - INFO -   Number of classes: 12
2026-01-03 20:26:19,403 - train - INFO -   Class distribution:
2026-01-03 20:26:19,404 - train - INFO -     Loose Silky-bent: 654 images (13.8%)
2026-01-03 20:26:19,404 - train - INFO -     Common Chickweed: 611 images (12.9%)
2026-01-03 20:26:19,404 - train - INFO -     Scentless Mayweed: 516 images (10.9%)
2026-01-03 20:26:19,404 - train - INFO -     Small-flowered Cranesbill: 496 images (10.4%)
2026-01-03 20:26:19,404 - train - INFO -     Fat Hen: 475 images (10.0%)
2026-01-03 20:26:19,405 - train - INFO -     Charlock: 390 images (8.2%)
2026-01-03 20:26:19,405 - train - INFO -     Sugar beet: 385 images (8.1%)
2026-01-03 20:26:19,405 - train - INFO -     Cleavers: 287 images (6.0%)
2026-01-03 20:26:19,405 - train - INFO -     Black-grass: 263 images (5.5%)
2026-01-03 20:26:19,405 - train - INFO -     Shepherds Purse: 231 images (4.9%)
2026-01-03 20:26:19,405 - train - INFO -     Common wheat: 221 images (4.7%)
2026-01-03 20:26:19,405 - train - INFO -     Maize: 221 images (4.7%)
2026-01-03 20:26:19,406 - train - INFO -   Class imbalance ratio: 2.96
2026-01-03 20:26:19,406 - root - INFO - Loaded 3800 training images
2026-01-03 20:26:19,407 - root - INFO - Loaded 950 validation images
2026-01-03 20:26:19,407 - root - INFO - Classes: ['Black-grass', 'Charlock', 'Cleavers', 'Common Chickweed', 'Common wheat', 'Fat Hen', 'Loose Silky-bent', 'Maize', 'Scentless Mayweed', 'Shepherds Purse', 'Small-flowered Cranesbill', 'Sugar beet']
2026-01-03 20:26:19,828 - root - INFO - Initialized resnet50 model with 12 classes
2026-01-03 20:26:19,844 - root - INFO - Starting training...
2026-01-03 20:26:19,844 - root - INFO - Training for 1 epochs
2026-01-03 20:26:19,844 - root - INFO - Early stopping patience: 5
2026-01-03 20:26:19,844 - root - INFO - 
==================================================
2026-01-03 20:26:19,844 - root - INFO - Epoch 1/1
2026-01-03 20:26:19,844 - root - INFO - ==================================================
2026-01-03 20:38:00,835 - root - INFO - Train Epoch 1 - Accuracy: 0.8116, Macro-F1: 0.7876, Loss: 0.6166
2026-01-03 20:39:15,545 - root - INFO - Validation - Accuracy: 0.8979, Macro-F1: 0.8733, Loss: 0.2827
2026-01-03 20:39:15,645 - root - INFO - Saved best model with Macro-F1: 0.8733
2026-01-03 20:39:15,741 - root - INFO - Saved final model
2026-01-03 20:39:15,767 - root - INFO - Metrics saved to models\training_metrics.csv
2026-01-03 20:39:15,767 - root - INFO - Training completed!
2026-01-03 20:39:15,767 - root - INFO - Training completed successfully!
2026-01-03 20:39:15,767 - root - INFO -  Training summary: {'best_val_f1': 0.8732951127598446, 'final_train_accuracy': 0.8115789473684211, 'final_val_accuracy': 0.8978947368421053, 'final_train_loss': 0.6165774998200291, 'final_val_loss': 0.28269915096069637, 'total_epochs_trained': 1}
2026-01-03 20:39:16,278 - root - ERROR -  Error during training
Traceback (most recent call last):
  File "C:\Users\Alex\Documents\mlops\src\train.py", line 79, in train_model
    mlflow.transformers.log_model(model, "model")
  File "C:\Users\Alex\Documents\mlops\.venv\Lib\site-packages\mlflow\transformers\__init__.py", line 1015, in log_model
    return Model.log(
           ^^^^^^^^^^
  File "C:\Users\Alex\Documents\mlops\.venv\Lib\site-packages\mlflow\models\model.py", line 1209, in log
    flavor.save_model(path=local_path, mlflow_model=mlflow_model, **kwargs)
  File "C:\Users\Alex\Documents\mlops\.venv\Lib\site-packages\mlflow\transformers\__init__.py", line 532, in save_model
    raise MlflowException(
mlflow.exceptions.MlflowException: The `transformers_model` must be one of the following types: 
 (1) a transformers Pipeline
 (2) a dictionary of components for a transformers Pipeline
 (3) a path to a local/DBFS directory containing a transformers model checkpoint.
received: <class 'models.resnet.ResNet50'>
2026-01-03 20:42:41,667 - train - INFO - Start training with config: C:\Users\Alex\Documents\mlops\configs\train_config.yaml
2026-01-03 20:42:43,286 - root - INFO - Starting plant classification training
2026-01-03 20:42:43,286 - train - INFO - Learning rate from config: 0.0001
2026-01-03 20:42:43,286 - root - INFO - Using device: cpu
2026-01-03 20:42:43,342 - train - INFO - DATASET STATISTICS:
2026-01-03 20:42:43,342 - train - INFO -   Total images: 4750
2026-01-03 20:42:43,342 - train - INFO -   Number of classes: 12
2026-01-03 20:42:43,342 - train - INFO -   Class distribution:
2026-01-03 20:42:43,342 - train - INFO -     Loose Silky-bent: 654 images (13.8%)
2026-01-03 20:42:43,342 - train - INFO -     Common Chickweed: 611 images (12.9%)
2026-01-03 20:42:43,342 - train - INFO -     Scentless Mayweed: 516 images (10.9%)
2026-01-03 20:42:43,342 - train - INFO -     Small-flowered Cranesbill: 496 images (10.4%)
2026-01-03 20:42:43,342 - train - INFO -     Fat Hen: 475 images (10.0%)
2026-01-03 20:42:43,342 - train - INFO -     Charlock: 390 images (8.2%)
2026-01-03 20:42:43,342 - train - INFO -     Sugar beet: 385 images (8.1%)
2026-01-03 20:42:43,342 - train - INFO -     Cleavers: 287 images (6.0%)
2026-01-03 20:42:43,342 - train - INFO -     Black-grass: 263 images (5.5%)
2026-01-03 20:42:43,342 - train - INFO -     Shepherds Purse: 231 images (4.9%)
2026-01-03 20:42:43,342 - train - INFO -     Common wheat: 221 images (4.7%)
2026-01-03 20:42:43,342 - train - INFO -     Maize: 221 images (4.7%)
2026-01-03 20:42:43,342 - train - INFO -   Class imbalance ratio: 2.96
2026-01-03 20:42:43,342 - root - INFO - Loaded 3800 training images
2026-01-03 20:42:43,342 - root - INFO - Loaded 950 validation images
2026-01-03 20:42:43,342 - root - INFO - Classes: ['Black-grass', 'Charlock', 'Cleavers', 'Common Chickweed', 'Common wheat', 'Fat Hen', 'Loose Silky-bent', 'Maize', 'Scentless Mayweed', 'Shepherds Purse', 'Small-flowered Cranesbill', 'Sugar beet']
2026-01-03 20:42:43,801 - root - INFO - Initialized resnet50 model with 12 classes
2026-01-03 20:48:56,620 - train - INFO - Start training with config: C:\Users\Alex\Documents\mlops\configs\train_config.yaml
2026-01-03 20:48:57,679 - root - INFO - Starting plant classification training
2026-01-03 20:48:57,680 - train - INFO - Learning rate from config: 0.0001
2026-01-03 20:48:57,680 - root - INFO - Using device: cpu
2026-01-03 20:48:57,725 - train - INFO - DATASET STATISTICS:
2026-01-03 20:48:57,725 - train - INFO -   Total images: 4750
2026-01-03 20:48:57,725 - train - INFO -   Number of classes: 12
2026-01-03 20:48:57,725 - train - INFO -   Class distribution:
2026-01-03 20:48:57,725 - train - INFO -     Loose Silky-bent: 654 images (13.8%)
2026-01-03 20:48:57,725 - train - INFO -     Common Chickweed: 611 images (12.9%)
2026-01-03 20:48:57,725 - train - INFO -     Scentless Mayweed: 516 images (10.9%)
2026-01-03 20:48:57,725 - train - INFO -     Small-flowered Cranesbill: 496 images (10.4%)
2026-01-03 20:48:57,725 - train - INFO -     Fat Hen: 475 images (10.0%)
2026-01-03 20:48:57,725 - train - INFO -     Charlock: 390 images (8.2%)
2026-01-03 20:48:57,725 - train - INFO -     Sugar beet: 385 images (8.1%)
2026-01-03 20:48:57,725 - train - INFO -     Cleavers: 287 images (6.0%)
2026-01-03 20:48:57,725 - train - INFO -     Black-grass: 263 images (5.5%)
2026-01-03 20:48:57,725 - train - INFO -     Shepherds Purse: 231 images (4.9%)
2026-01-03 20:48:57,725 - train - INFO -     Common wheat: 221 images (4.7%)
2026-01-03 20:48:57,725 - train - INFO -     Maize: 221 images (4.7%)
2026-01-03 20:48:57,725 - train - INFO -   Class imbalance ratio: 2.96
2026-01-03 20:48:57,725 - root - INFO - Loaded 3800 training images
2026-01-03 20:48:57,725 - root - INFO - Loaded 950 validation images
2026-01-03 20:48:57,725 - root - INFO - Classes: ['Black-grass', 'Charlock', 'Cleavers', 'Common Chickweed', 'Common wheat', 'Fat Hen', 'Loose Silky-bent', 'Maize', 'Scentless Mayweed', 'Shepherds Purse', 'Small-flowered Cranesbill', 'Sugar beet']
2026-01-03 20:48:58,046 - root - INFO - Initialized resnet50 model with 12 classes
2026-01-03 20:49:21,897 - train - INFO - Start training with config: C:\Users\Alex\Documents\mlops\configs\train_config.yaml
2026-01-03 20:49:22,946 - root - INFO - Starting plant classification training
2026-01-03 20:49:22,946 - train - INFO - Learning rate from config: 0.0001
2026-01-03 20:49:22,946 - root - INFO - Using device: cpu
2026-01-03 20:49:22,992 - train - INFO - DATASET STATISTICS:
2026-01-03 20:49:22,992 - train - INFO -   Total images: 4750
2026-01-03 20:49:22,992 - train - INFO -   Number of classes: 12
2026-01-03 20:49:22,992 - train - INFO -   Class distribution:
2026-01-03 20:49:22,992 - train - INFO -     Loose Silky-bent: 654 images (13.8%)
2026-01-03 20:49:22,992 - train - INFO -     Common Chickweed: 611 images (12.9%)
2026-01-03 20:49:22,992 - train - INFO -     Scentless Mayweed: 516 images (10.9%)
2026-01-03 20:49:22,992 - train - INFO -     Small-flowered Cranesbill: 496 images (10.4%)
2026-01-03 20:49:22,992 - train - INFO -     Fat Hen: 475 images (10.0%)
2026-01-03 20:49:22,992 - train - INFO -     Charlock: 390 images (8.2%)
2026-01-03 20:49:22,992 - train - INFO -     Sugar beet: 385 images (8.1%)
2026-01-03 20:49:22,992 - train - INFO -     Cleavers: 287 images (6.0%)
2026-01-03 20:49:22,992 - train - INFO -     Black-grass: 263 images (5.5%)
2026-01-03 20:49:22,992 - train - INFO -     Shepherds Purse: 231 images (4.9%)
2026-01-03 20:49:22,992 - train - INFO -     Common wheat: 221 images (4.7%)
2026-01-03 20:49:22,992 - train - INFO -     Maize: 221 images (4.7%)
2026-01-03 20:49:22,992 - train - INFO -   Class imbalance ratio: 2.96
2026-01-03 20:49:22,992 - root - INFO - Loaded 3800 training images
2026-01-03 20:49:22,992 - root - INFO - Loaded 950 validation images
2026-01-03 20:49:22,992 - root - INFO - Classes: ['Black-grass', 'Charlock', 'Cleavers', 'Common Chickweed', 'Common wheat', 'Fat Hen', 'Loose Silky-bent', 'Maize', 'Scentless Mayweed', 'Shepherds Purse', 'Small-flowered Cranesbill', 'Sugar beet']
2026-01-03 20:49:23,332 - root - INFO - Initialized resnet50 model with 12 classes
2026-01-03 20:49:23,332 - root - INFO - Starting training...
2026-01-03 20:49:23,332 - root - INFO - Training for 1 epochs
2026-01-03 20:49:23,332 - root - INFO - Early stopping patience: 5
2026-01-03 20:49:23,332 - root - INFO - 
==================================================
2026-01-03 20:49:23,332 - root - INFO - Epoch 1/1
2026-01-03 20:49:23,332 - root - INFO - ==================================================
2026-01-03 21:01:37,294 - root - INFO - Train Epoch 1 - Accuracy: 0.7963, Macro-F1: 0.7718, Loss: 0.6470
2026-01-03 21:02:45,187 - root - INFO - Validation - Accuracy: 0.9295, Macro-F1: 0.9212, Loss: 0.2047
2026-01-03 21:02:45,330 - root - INFO - Saved best model with Macro-F1: 0.9212
2026-01-03 21:02:45,414 - root - INFO - Saved final model
2026-01-03 21:02:45,474 - root - INFO - Metrics saved to models\training_metrics.csv
2026-01-03 21:02:45,474 - root - INFO - Training completed!
2026-01-03 21:02:45,474 - root - INFO - Training completed successfully!
2026-01-03 21:02:45,475 - root - INFO -  Training summary: {'best_val_f1': 0.9212015855361564, 'final_train_accuracy': 0.7963157894736842, 'final_val_accuracy': 0.9294736842105263, 'final_train_loss': 0.6469569029990866, 'final_val_loss': 0.20471155910115493, 'total_epochs_trained': 1}
2026-01-03 21:03:00,186 - train - INFO - Run ID: cb03191104d94863803d1d0ae7b63b03
2026-01-04 22:12:59,540 - train - INFO - Start training with config: C:\Users\Alex\Documents\mlops\configs\train_config.yaml
2026-01-04 22:13:01,998 - root - INFO - Starting plant classification training
2026-01-04 22:13:01,998 - train - INFO - Learning rate from config: 0.0001
2026-01-04 22:13:01,998 - root - INFO - Using device: cpu
2026-01-04 22:13:02,248 - train - INFO - DATASET STATISTICS:
2026-01-04 22:13:02,248 - train - INFO -   Total images: 4750
2026-01-04 22:13:02,248 - train - INFO -   Number of classes: 12
2026-01-04 22:13:02,254 - train - INFO -   Class distribution:
2026-01-04 22:13:02,254 - train - INFO -     Loose Silky-bent: 654 images (13.8%)
2026-01-04 22:13:02,254 - train - INFO -     Common Chickweed: 611 images (12.9%)
2026-01-04 22:13:02,254 - train - INFO -     Scentless Mayweed: 516 images (10.9%)
2026-01-04 22:13:02,254 - train - INFO -     Small-flowered Cranesbill: 496 images (10.4%)
2026-01-04 22:13:02,254 - train - INFO -     Fat Hen: 475 images (10.0%)
2026-01-04 22:13:02,254 - train - INFO -     Charlock: 390 images (8.2%)
2026-01-04 22:13:02,254 - train - INFO -     Sugar beet: 385 images (8.1%)
2026-01-04 22:13:02,258 - train - INFO -     Cleavers: 287 images (6.0%)
2026-01-04 22:13:02,258 - train - INFO -     Black-grass: 263 images (5.5%)
2026-01-04 22:13:02,258 - train - INFO -     Shepherds Purse: 231 images (4.9%)
2026-01-04 22:13:02,258 - train - INFO -     Common wheat: 221 images (4.7%)
2026-01-04 22:13:02,258 - train - INFO -     Maize: 221 images (4.7%)
2026-01-04 22:13:02,258 - train - INFO -   Class imbalance ratio: 2.96
2026-01-04 22:13:02,275 - root - INFO - Loaded 3800 training images
2026-01-04 22:13:02,275 - root - INFO - Loaded 950 validation images
2026-01-04 22:13:02,275 - root - INFO - Classes: ['Black-grass', 'Charlock', 'Cleavers', 'Common Chickweed', 'Common wheat', 'Fat Hen', 'Loose Silky-bent', 'Maize', 'Scentless Mayweed', 'Shepherds Purse', 'Small-flowered Cranesbill', 'Sugar beet']
2026-01-04 22:13:02,915 - root - INFO - Initialized resnet50 model with 12 classes
2026-01-04 22:13:02,915 - root - INFO - Starting training...
2026-01-04 22:13:02,915 - root - INFO - Training for 1 epochs
2026-01-04 22:13:02,915 - root - INFO - Early stopping patience: 5
2026-01-04 22:13:02,925 - root - INFO - 
==================================================
2026-01-04 22:13:02,925 - root - INFO - Epoch 1/1
2026-01-04 22:13:02,925 - root - INFO - ==================================================
2026-01-04 22:26:03,189 - root - INFO - Train Epoch 1 - Accuracy: 0.7937, Macro-F1: 0.7680, Loss: 0.6519
2026-01-04 22:27:28,996 - root - INFO - Validation - Accuracy: 0.9074, Macro-F1: 0.8961, Loss: 0.2718
2026-01-04 22:27:29,309 - root - INFO - Saved best model with Macro-F1: 0.8961
2026-01-04 22:27:29,407 - root - INFO - Saved final model
2026-01-04 22:27:29,445 - root - INFO - Metrics saved to models\training_metrics.csv
2026-01-04 22:27:29,445 - root - INFO - Training completed!
2026-01-04 22:27:29,445 - root - INFO - Training completed successfully!
2026-01-04 22:27:29,445 - root - INFO -  Training summary: {'best_val_f1': 0.8960707419589147, 'final_train_accuracy': 0.7936842105263158, 'final_val_accuracy': 0.9073684210526316, 'final_train_loss': 0.651929344794079, 'final_val_loss': 0.27184395961071317, 'total_epochs_trained': 1}
2026-01-04 22:27:51,027 - train - INFO - Run ID: 841d436efb46487ab89d6aa3a334c326
2026-01-04 22:52:33,946 - predict_server - INFO - New file recieved
2026-01-04 22:52:33,948 - predict_server - ERROR - Error
Traceback (most recent call last):
  File "C:\Users\Alex\Documents\mlops\src\predict_server.py", line 28, in predict_image
    image = Image.open(content).convert("RGB")
            ^^^^^^^^^^^^^^^^^^^
  File "C:\Users\Alex\Documents\mlops\.venv\Lib\site-packages\PIL\Image.py", line 3493, in open
    fp = builtins.open(filename, "rb")
         ^^^^^^^^^^^^^^^^^^^^^^^^^^^^^
UnicodeDecodeError: 'utf-8' codec can't decode byte 0x89 in position 0: invalid start byte
2026-01-04 22:58:56,699 - predict_server - INFO - New file recieved
2026-01-04 22:58:56,699 - predict_server - ERROR - Error
Traceback (most recent call last):
  File "C:\Users\Alex\Documents\mlops\src\predict_server.py", line 29, in predict_image
    image = Image.open(content).convert("RGB")
            ^^^^^^^^^^^^^^^^^^^
  File "C:\Users\Alex\Documents\mlops\.venv\Lib\site-packages\PIL\Image.py", line 3493, in open
    fp = builtins.open(filename, "rb")
         ^^^^^^^^^^^^^^^^^^^^^^^^^^^^^
UnicodeDecodeError: 'utf-8' codec can't decode byte 0x89 in position 0: invalid start byte
2026-01-04 23:01:01,196 - predict_server - INFO - New file recieved
2026-01-04 23:01:59,322 - predict_server - INFO - New file recieved
2026-01-04 23:02:35,021 - predict_server - INFO - New file recieved
